// Jest Snapshot v1, https://goo.gl/fbAQLP

exports[`<TextInput /> should render the text input 1`] = `
<div
  class="sc-bdVaJa bPGLpq"
>
  <label
    for="some-text-input-id"
  >
    
     
    
  </label>
  <input
    aria-describedby=""
    class="sc-bwzfXH gAQYSD"
    id="some-text-input-id"
    name="textInputName"
    placeholder=""
    type="text"
    value="someTextInput"
  />
  <em
    class="sc-htpNat kbZKBX"
    data-testid="textInputInfo"
    id=""
  />
</div>
`;
